// Jest Snapshot v1, https://goo.gl/fbAQLP

exports[`notificationList matches snapshot 1`] = `
<ContextConsumer>
  <Component />
</ContextConsumer>
`;
